=================================================================
==481413==ERROR: AddressSanitizer: heap-buffer-overflow on address 0x51100000011f at pc 0x64ebcee8aa68 bp 0x7ffd8545d0c0 sp 0x7ffd8545d0b0
READ of size 1 at 0x51100000011f thread T0
    #0 0x64ebcee8aa67 in sqisign_lvl3_broadwell_signature_from_bytes /tmp/h7-repro.hEMNdR/matrix-source/src/verification/ref/lvlx/encode_verification.c:217
    #1 0x64ebceec59a6 in sqisign_lvl3_broadwell_sqisign_open /tmp/h7-repro.hEMNdR/matrix-source/src/sqisign.c:72
    #2 0x64ebceec60bf in sqisign_lvl3_broadwell_crypto_sign_open /tmp/h7-repro.hEMNdR/matrix-source/src/nistapi/lvl3/api.c:31
    #3 0x64ebceec60bf in main <research-root>/tools/h7_official_length_case.c:80
    #4 0x75314ec2a1c9 in __libc_start_call_main ../sysdeps/nptl/libc_start_call_main.h:58
    #5 0x75314ec2a28a in __libc_start_main_impl ../csu/libc-start.c:360
    #6 0x64ebcee88334 in _start (/tmp/h7-repro.hEMNdR/matrix-source/build-broadwell/h7_length_lvl3+0x4334) (BuildId: 104a78909c67ac26c25970a74303ac90995ec917)

0x51100000011f is located 0 bytes after 223-byte region [0x511000000040,0x51100000011f)
allocated by thread T0 here:
    #0 0x75314f0fd340 in calloc ../../../../src/libsanitizer/asan/asan_malloc_linux.cpp:77
    #1 0x64ebceec6035 in main <research-root>/tools/h7_official_length_case.c:70
    #2 0x75314ec2a1c9 in __libc_start_call_main ../sysdeps/nptl/libc_start_call_main.h:58
    #3 0x75314ec2a28a in __libc_start_main_impl ../csu/libc-start.c:360
    #4 0x64ebcee88334 in _start (/tmp/h7-repro.hEMNdR/matrix-source/build-broadwell/h7_length_lvl3+0x4334) (BuildId: 104a78909c67ac26c25970a74303ac90995ec917)

SUMMARY: AddressSanitizer: heap-buffer-overflow /tmp/h7-repro.hEMNdR/matrix-source/src/verification/ref/lvlx/encode_verification.c:217 in sqisign_lvl3_broadwell_signature_from_bytes
Shadow bytes around the buggy address:
  0x510ffffffe80: 00 00 00 00 00 00 00 00 00 00 00 00 00 00 00 00
  0x510fffffff00: 00 00 00 00 00 00 00 00 00 00 00 00 00 00 00 00
  0x510fffffff80: 00 00 00 00 00 00 00 00 00 00 00 00 00 00 00 00
  0x511000000000: fa fa fa fa fa fa fa fa 00 00 00 00 00 00 00 00
  0x511000000080: 00 00 00 00 00 00 00 00 00 00 00 00 00 00 00 00
=>0x511000000100: 00 00 00[07]fa fa fa fa fa fa fa fa fa fa fa fa
  0x511000000180: 00 00 00 00 00 00 00 00 00 00 00 00 00 00 00 00
  0x511000000200: 00 00 00 00 00 00 00 00 00 00 00 00 fa fa fa fa
  0x511000000280: fa fa fa fa fa fa fa fa fa fa fa fa fa fa fa fa
  0x511000000300: fa fa fa fa fa fa fa fa fa fa fa fa fa fa fa fa
  0x511000000380: fa fa fa fa fa fa fa fa fa fa fa fa fa fa fa fa
Shadow byte legend (one shadow byte represents 8 application bytes):
  Addressable:           00
  Partially addressable: 01 02 03 04 05 06 07 
  Heap left redzone:       fa
  Freed heap region:       fd
  Stack left redzone:      f1
  Stack mid redzone:       f2
  Stack right redzone:     f3
  Stack after return:      f5
  Stack use after scope:   f8
  Global redzone:          f9
  Global init order:       f6
  Poisoned by user:        f7
  Container overflow:      fc
  Array cookie:            ac
  Intra object redzone:    bb
  ASan internal:           fe
  Left alloca redzone:     ca
  Right alloca redzone:    cb
==481413==ABORTING
