=================================================================
==466436==ERROR: AddressSanitizer: heap-buffer-overflow on address 0x512000000163 at pc 0x56b25a359cc0 bp 0x7ffd8be03f00 sp 0x7ffd8be03ef0
READ of size 1 at 0x512000000163 thread T0
    #0 0x56b25a359cbf in sqisign_lvl5_ref_signature_from_bytes /tmp/h7-repro.hEMNdR/matrix-source/src/verification/ref/lvlx/encode_verification.c:217
    #1 0x56b25a3667de in sqisign_lvl5_ref_sqisign_verify /tmp/h7-repro.hEMNdR/matrix-source/src/sqisign.c:101
    #2 0x56b25a366d6d in main <research-root>/tools/h7_official_length_case.c:93
    #3 0x76a055e2a1c9 in __libc_start_call_main ../sysdeps/nptl/libc_start_call_main.h:58
    #4 0x76a055e2a28a in __libc_start_main_impl ../csu/libc-start.c:360
    #5 0x56b25a346624 in _start (/tmp/h7-repro.hEMNdR/matrix-source/build-ref/h7_length_lvl5+0x4624) (BuildId: eab16b37792980d632a8d05a30de6530e00718ff)

0x512000000163 is located 0 bytes after 291-byte region [0x512000000040,0x512000000163)
allocated by thread T0 here:
    #0 0x76a0562fd340 in calloc ../../../../src/libsanitizer/asan/asan_malloc_linux.cpp:77
    #1 0x56b25a366b21 in main <research-root>/tools/h7_official_length_case.c:70
    #2 0x76a055e2a1c9 in __libc_start_call_main ../sysdeps/nptl/libc_start_call_main.h:58
    #3 0x76a055e2a28a in __libc_start_main_impl ../csu/libc-start.c:360
    #4 0x56b25a346624 in _start (/tmp/h7-repro.hEMNdR/matrix-source/build-ref/h7_length_lvl5+0x4624) (BuildId: eab16b37792980d632a8d05a30de6530e00718ff)

SUMMARY: AddressSanitizer: heap-buffer-overflow /tmp/h7-repro.hEMNdR/matrix-source/src/verification/ref/lvlx/encode_verification.c:217 in sqisign_lvl5_ref_signature_from_bytes
Shadow bytes around the buggy address:
  0x511ffffffe80: 00 00 00 00 00 00 00 00 00 00 00 00 00 00 00 00
  0x511fffffff00: 00 00 00 00 00 00 00 00 00 00 00 00 00 00 00 00
  0x511fffffff80: 00 00 00 00 00 00 00 00 00 00 00 00 00 00 00 00
  0x512000000000: fa fa fa fa fa fa fa fa 00 00 00 00 00 00 00 00
  0x512000000080: 00 00 00 00 00 00 00 00 00 00 00 00 00 00 00 00
=>0x512000000100: 00 00 00 00 00 00 00 00 00 00 00 00[03]fa fa fa
  0x512000000180: fa fa fa fa fa fa fa fa 00 00 00 00 00 00 00 00
  0x512000000200: 00 00 00 00 00 00 00 00 00 00 00 00 00 00 00 00
  0x512000000280: 00 00 00 00 00 00 00 00 00 00 00 00 04 fa fa fa
  0x512000000300: fa fa fa fa fa fa fa fa fa fa fa fa fa fa fa fa
  0x512000000380: fa fa fa fa fa fa fa fa fa fa fa fa fa fa fa fa
Shadow byte legend (one shadow byte represents 8 application bytes):
  Addressable:           00
  Partially addressable: 01 02 03 04 05 06 07 
  Heap left redzone:       fa
  Freed heap region:       fd
  Stack left redzone:      f1
  Stack mid redzone:       f2
  Stack right redzone:     f3
  Stack after return:      f5
  Stack use after scope:   f8
  Global redzone:          f9
  Global init order:       f6
  Poisoned by user:        f7
  Container overflow:      fc
  Array cookie:            ac
  Intra object redzone:    bb
  ASan internal:           fe
  Left alloca redzone:     ca
  Right alloca redzone:    cb
==466436==ABORTING
