=================================================================
==441916==ERROR: AddressSanitizer: heap-buffer-overflow on address 0x50e0000000d3 at pc 0x5e1b1bc478f7 bp 0x7ffcf43951c0 sp 0x7ffcf43951b0
READ of size 1 at 0x50e0000000d3 thread T0
    #0 0x5e1b1bc478f6 in sqisign_lvl1_ref_signature_from_bytes /tmp/h7-repro.hEMNdR/matrix-source/src/verification/ref/lvlx/encode_verification.c:217
    #1 0x5e1b1bc53e37 in sqisign_lvl1_ref_sqisign_open /tmp/h7-repro.hEMNdR/matrix-source/src/sqisign.c:72
    #2 0x5e1b1bc5452a in sqisign_lvl1_ref_crypto_sign_open /tmp/h7-repro.hEMNdR/matrix-source/src/nistapi/lvl1/api.c:32
    #3 0x5e1b1bc5452a in main <research-root>/tools/h7_official_length_case.c:80
    #4 0x747038e2a1c9 in __libc_start_call_main ../sysdeps/nptl/libc_start_call_main.h:58
    #5 0x747038e2a28a in __libc_start_main_impl ../csu/libc-start.c:360
    #6 0x5e1b1bc36624 in _start (/tmp/h7-repro.hEMNdR/matrix-source/build-ref/h7_length_lvl1+0x4624) (BuildId: ed6647dc71b1b5f2a74170a653d107bc95b51962)

0x50e0000000d3 is located 0 bytes after 147-byte region [0x50e000000040,0x50e0000000d3)
allocated by thread T0 here:
    #0 0x7470392fd340 in calloc ../../../../src/libsanitizer/asan/asan_malloc_linux.cpp:77
    #1 0x5e1b1bc544a0 in main <research-root>/tools/h7_official_length_case.c:70
    #2 0x747038e2a1c9 in __libc_start_call_main ../sysdeps/nptl/libc_start_call_main.h:58
    #3 0x747038e2a28a in __libc_start_main_impl ../csu/libc-start.c:360
    #4 0x5e1b1bc36624 in _start (/tmp/h7-repro.hEMNdR/matrix-source/build-ref/h7_length_lvl1+0x4624) (BuildId: ed6647dc71b1b5f2a74170a653d107bc95b51962)

SUMMARY: AddressSanitizer: heap-buffer-overflow /tmp/h7-repro.hEMNdR/matrix-source/src/verification/ref/lvlx/encode_verification.c:217 in sqisign_lvl1_ref_signature_from_bytes
Shadow bytes around the buggy address:
  0x50dffffffe00: 00 00 00 00 00 00 00 00 00 00 00 00 00 00 00 00
  0x50dffffffe80: 00 00 00 00 00 00 00 00 00 00 00 00 00 00 00 00
  0x50dfffffff00: 00 00 00 00 00 00 00 00 00 00 00 00 00 00 00 00
  0x50dfffffff80: 00 00 00 00 00 00 00 00 00 00 00 00 00 00 00 00
  0x50e000000000: fa fa fa fa fa fa fa fa 00 00 00 00 00 00 00 00
=>0x50e000000080: 00 00 00 00 00 00 00 00 00 00[03]fa fa fa fa fa
  0x50e000000100: fa fa fa fa 00 00 00 00 00 00 00 00 00 00 00 00
  0x50e000000180: 00 00 00 00 00 00 04 fa fa fa fa fa fa fa fa fa
  0x50e000000200: fa fa fa fa fa fa fa fa fa fa fa fa fa fa fa fa
  0x50e000000280: fa fa fa fa fa fa fa fa fa fa fa fa fa fa fa fa
  0x50e000000300: fa fa fa fa fa fa fa fa fa fa fa fa fa fa fa fa
Shadow byte legend (one shadow byte represents 8 application bytes):
  Addressable:           00
  Partially addressable: 01 02 03 04 05 06 07 
  Heap left redzone:       fa
  Freed heap region:       fd
  Stack left redzone:      f1
  Stack mid redzone:       f2
  Stack right redzone:     f3
  Stack after return:      f5
  Stack use after scope:   f8
  Global redzone:          f9
  Global init order:       f6
  Poisoned by user:        f7
  Container overflow:      fc
  Array cookie:            ac
  Intra object redzone:    bb
  ASan internal:           fe
  Left alloca redzone:     ca
  Right alloca redzone:    cb
==441916==ABORTING
