=================================================================
==472447==ERROR: AddressSanitizer: heap-buffer-overflow on address 0x50e0000000d3 at pc 0x5f8822278f88 bp 0x7ffd19ce0220 sp 0x7ffd19ce0210
READ of size 1 at 0x50e0000000d3 thread T0
    #0 0x5f8822278f87 in sqisign_lvl1_broadwell_signature_from_bytes /tmp/h7-repro.hEMNdR/matrix-source/src/verification/ref/lvlx/encode_verification.c:217
    #1 0x5f88222b0490 in sqisign_lvl1_broadwell_sqisign_verify /tmp/h7-repro.hEMNdR/matrix-source/src/sqisign.c:101
    #2 0x5f88222b0a54 in main <research-root>/tools/h7_official_length_case.c:93
    #3 0x76e1cc02a1c9 in __libc_start_call_main ../sysdeps/nptl/libc_start_call_main.h:58
    #4 0x76e1cc02a28a in __libc_start_main_impl ../csu/libc-start.c:360
    #5 0x5f8822277354 in _start (/tmp/h7-repro.hEMNdR/matrix-source/build-broadwell/h7_length_lvl1+0x4354) (BuildId: dd34a5b1b3b8543e562f9d8718b900db6f9576d3)

0x50e0000000d3 is located 0 bytes after 147-byte region [0x50e000000040,0x50e0000000d3)
allocated by thread T0 here:
    #0 0x76e1cc4fd340 in calloc ../../../../src/libsanitizer/asan/asan_malloc_linux.cpp:77
    #1 0x5f88222b0808 in main <research-root>/tools/h7_official_length_case.c:70
    #2 0x76e1cc02a1c9 in __libc_start_call_main ../sysdeps/nptl/libc_start_call_main.h:58
    #3 0x76e1cc02a28a in __libc_start_main_impl ../csu/libc-start.c:360
    #4 0x5f8822277354 in _start (/tmp/h7-repro.hEMNdR/matrix-source/build-broadwell/h7_length_lvl1+0x4354) (BuildId: dd34a5b1b3b8543e562f9d8718b900db6f9576d3)

SUMMARY: AddressSanitizer: heap-buffer-overflow /tmp/h7-repro.hEMNdR/matrix-source/src/verification/ref/lvlx/encode_verification.c:217 in sqisign_lvl1_broadwell_signature_from_bytes
Shadow bytes around the buggy address:
  0x50dffffffe00: 00 00 00 00 00 00 00 00 00 00 00 00 00 00 00 00
  0x50dffffffe80: 00 00 00 00 00 00 00 00 00 00 00 00 00 00 00 00
  0x50dfffffff00: 00 00 00 00 00 00 00 00 00 00 00 00 00 00 00 00
  0x50dfffffff80: 00 00 00 00 00 00 00 00 00 00 00 00 00 00 00 00
  0x50e000000000: fa fa fa fa fa fa fa fa 00 00 00 00 00 00 00 00
=>0x50e000000080: 00 00 00 00 00 00 00 00 00 00[03]fa fa fa fa fa
  0x50e000000100: fa fa fa fa 00 00 00 00 00 00 00 00 00 00 00 00
  0x50e000000180: 00 00 00 00 00 00 04 fa fa fa fa fa fa fa fa fa
  0x50e000000200: fa fa fa fa fa fa fa fa fa fa fa fa fa fa fa fa
  0x50e000000280: fa fa fa fa fa fa fa fa fa fa fa fa fa fa fa fa
  0x50e000000300: fa fa fa fa fa fa fa fa fa fa fa fa fa fa fa fa
Shadow byte legend (one shadow byte represents 8 application bytes):
  Addressable:           00
  Partially addressable: 01 02 03 04 05 06 07 
  Heap left redzone:       fa
  Freed heap region:       fd
  Stack left redzone:      f1
  Stack mid redzone:       f2
  Stack right redzone:     f3
  Stack after return:      f5
  Stack use after scope:   f8
  Global redzone:          f9
  Global init order:       f6
  Poisoned by user:        f7
  Container overflow:      fc
  Array cookie:            ac
  Intra object redzone:    bb
  ASan internal:           fe
  Left alloca redzone:     ca
  Right alloca redzone:    cb
==472447==ABORTING
