=================================================================
==493630==ERROR: AddressSanitizer: heap-buffer-overflow on address 0x502000000011 at pc 0x6397406d09b6 bp 0x7ffdf4878fe0 sp 0x7ffdf4878fd0
READ of size 1 at 0x502000000011 thread T0
    #0 0x6397406d09b5 in dec64le /tmp/h7-repro.hEMNdR/matrix-source/src/gf/broadwell/lvl5/gf27500.c:678
    #1 0x6397406f6543 in sqisign_lvl5_broadwell_gf27500_decode /tmp/h7-repro.hEMNdR/matrix-source/src/gf/broadwell/lvl5/gf27500.c:708
    #2 0x639740697075 in sqisign_lvl5_broadwell_fp_decode /tmp/h7-repro.hEMNdR/matrix-source/src/gf/broadwell/lvl5/include/fp.h:105
    #3 0x639740697075 in sqisign_lvl5_broadwell_fp2_decode /tmp/h7-repro.hEMNdR/matrix-source/src/gf/broadwell/lvlx/fp2.c:21
    #4 0x639740697075 in fp2_from_bytes /tmp/h7-repro.hEMNdR/matrix-source/src/verification/ref/lvlx/encode_verification.c:55
    #5 0x639740697075 in sqisign_lvl5_broadwell_signature_from_bytes /tmp/h7-repro.hEMNdR/matrix-source/src/verification/ref/lvlx/encode_verification.c:197
    #6 0x6397406cf9cf in sqisign_lvl5_broadwell_sqisign_open /tmp/h7-repro.hEMNdR/matrix-source/src/sqisign.c:72
    #7 0x6397406d0071 in sqisign_lvl5_broadwell_crypto_sign_open /tmp/h7-repro.hEMNdR/matrix-source/src/nistapi/lvl5/api.c:31
    #8 0x6397406d0071 in main <research-root>/tools/h7_official_length_case.c:80
    #9 0x7a8afbc2a1c9 in __libc_start_call_main ../sysdeps/nptl/libc_start_call_main.h:58
    #10 0x7a8afbc2a28a in __libc_start_main_impl ../csu/libc-start.c:360
    #11 0x639740694334 in _start (/tmp/h7-repro.hEMNdR/matrix-source/build-broadwell/h7_length_lvl5+0x4334) (BuildId: 184a1a9b195c2c5482db6a820fa6ad815119152b)

0x502000000011 is located 0 bytes after 1-byte region [0x502000000010,0x502000000011)
allocated by thread T0 here:
    #0 0x7a8afc0fd340 in calloc ../../../../src/libsanitizer/asan/asan_malloc_linux.cpp:77
    #1 0x6397406cffe7 in main <research-root>/tools/h7_official_length_case.c:70
    #2 0x7a8afbc2a1c9 in __libc_start_call_main ../sysdeps/nptl/libc_start_call_main.h:58
    #3 0x7a8afbc2a28a in __libc_start_main_impl ../csu/libc-start.c:360
    #4 0x639740694334 in _start (/tmp/h7-repro.hEMNdR/matrix-source/build-broadwell/h7_length_lvl5+0x4334) (BuildId: 184a1a9b195c2c5482db6a820fa6ad815119152b)

SUMMARY: AddressSanitizer: heap-buffer-overflow /tmp/h7-repro.hEMNdR/matrix-source/src/gf/broadwell/lvl5/gf27500.c:678 in dec64le
Shadow bytes around the buggy address:
  0x501ffffffd80: 00 00 00 00 00 00 00 00 00 00 00 00 00 00 00 00
  0x501ffffffe00: 00 00 00 00 00 00 00 00 00 00 00 00 00 00 00 00
  0x501ffffffe80: 00 00 00 00 00 00 00 00 00 00 00 00 00 00 00 00
  0x501fffffff00: 00 00 00 00 00 00 00 00 00 00 00 00 00 00 00 00
  0x501fffffff80: 00 00 00 00 00 00 00 00 00 00 00 00 00 00 00 00
=>0x502000000000: fa fa[01]fa fa fa 02 fa fa fa fa fa fa fa fa fa
  0x502000000080: fa fa fa fa fa fa fa fa fa fa fa fa fa fa fa fa
  0x502000000100: fa fa fa fa fa fa fa fa fa fa fa fa fa fa fa fa
  0x502000000180: fa fa fa fa fa fa fa fa fa fa fa fa fa fa fa fa
  0x502000000200: fa fa fa fa fa fa fa fa fa fa fa fa fa fa fa fa
  0x502000000280: fa fa fa fa fa fa fa fa fa fa fa fa fa fa fa fa
Shadow byte legend (one shadow byte represents 8 application bytes):
  Addressable:           00
  Partially addressable: 01 02 03 04 05 06 07 
  Heap left redzone:       fa
  Freed heap region:       fd
  Stack left redzone:      f1
  Stack mid redzone:       f2
  Stack right redzone:     f3
  Stack after return:      f5
  Stack use after scope:   f8
  Global redzone:          f9
  Global init order:       f6
  Poisoned by user:        f7
  Container overflow:      fc
  Array cookie:            ac
  Intra object redzone:    bb
  ASan internal:           fe
  Left alloca redzone:     ca
  Right alloca redzone:    cb
==493630==ABORTING
